2020-10-30 22:18:58 DEBUG LogFactory:46 - Logging initialized using 'org.mybatis.generator.logging.commons.JakartaCommonsLoggingLogFactory@70325e14' adapter.
2020-10-30 22:18:58 DEBUG DatabaseIntrospector:46 - Retrieving column information for table "customer"
2020-10-30 22:18:58 DEBUG DatabaseIntrospector:46 - Found column "cust_id", data type 4, in table "boot_crm..customer"
2020-10-30 22:18:58 DEBUG DatabaseIntrospector:46 - Found column "cust_name", data type 12, in table "boot_crm..customer"
2020-10-30 22:18:58 DEBUG DatabaseIntrospector:46 - Found column "cust_user_id", data type 4, in table "boot_crm..customer"
2020-10-30 22:18:58 DEBUG DatabaseIntrospector:46 - Found column "cust_create_id", data type 4, in table "boot_crm..customer"
2020-10-30 22:18:58 DEBUG DatabaseIntrospector:46 - Found column "cust_source", data type 12, in table "boot_crm..customer"
2020-10-30 22:18:58 DEBUG DatabaseIntrospector:46 - Found column "cust_industry", data type 12, in table "boot_crm..customer"
2020-10-30 22:18:58 DEBUG DatabaseIntrospector:46 - Found column "cust_level", data type 12, in table "boot_crm..customer"
2020-10-30 22:18:58 DEBUG DatabaseIntrospector:46 - Found column "cust_linkman", data type 12, in table "boot_crm..customer"
2020-10-30 22:18:58 DEBUG DatabaseIntrospector:46 - Found column "cust_phone", data type 12, in table "boot_crm..customer"
2020-10-30 22:18:58 DEBUG DatabaseIntrospector:46 - Found column "cust_mobile", data type 12, in table "boot_crm..customer"
2020-10-30 22:18:58 DEBUG DatabaseIntrospector:46 - Found column "cust_zipcode", data type 12, in table "boot_crm..customer"
2020-10-30 22:18:58 DEBUG DatabaseIntrospector:46 - Found column "cust_address", data type 12, in table "boot_crm..customer"
2020-10-30 22:18:58 DEBUG DatabaseIntrospector:46 - Found column "cust_createtime", data type 93, in table "boot_crm..customer"
2020-10-30 22:18:58 DEBUG DatabaseIntrospector:46 - Retrieving column information for table "sys_user"
2020-10-30 22:18:58 DEBUG DatabaseIntrospector:46 - Found column "user_id", data type 4, in table "boot_crm..sys_user"
2020-10-30 22:18:58 DEBUG DatabaseIntrospector:46 - Found column "user_code", data type 12, in table "boot_crm..sys_user"
2020-10-30 22:18:58 DEBUG DatabaseIntrospector:46 - Found column "user_name", data type 12, in table "boot_crm..sys_user"
2020-10-30 22:18:58 DEBUG DatabaseIntrospector:46 - Found column "user_password", data type 12, in table "boot_crm..sys_user"
2020-10-30 22:18:58 DEBUG DatabaseIntrospector:46 - Found column "user_state", data type 4, in table "boot_crm..sys_user"
2020-10-30 22:18:58 DEBUG DatabaseIntrospector:46 - Retrieving column information for table "base_dict"
2020-10-30 22:18:58 DEBUG DatabaseIntrospector:46 - Found column "dict_id", data type 12, in table "boot_crm..base_dict"
2020-10-30 22:18:58 DEBUG DatabaseIntrospector:46 - Found column "dict_type_code", data type 12, in table "boot_crm..base_dict"
2020-10-30 22:18:58 DEBUG DatabaseIntrospector:46 - Found column "dict_type_name", data type 12, in table "boot_crm..base_dict"
2020-10-30 22:18:58 DEBUG DatabaseIntrospector:46 - Found column "dict_item_name", data type 12, in table "boot_crm..base_dict"
2020-10-30 22:18:58 DEBUG DatabaseIntrospector:46 - Found column "dict_item_code", data type 12, in table "boot_crm..base_dict"
2020-10-30 22:18:58 DEBUG DatabaseIntrospector:46 - Found column "dict_sort", data type 4, in table "boot_crm..base_dict"
2020-10-30 22:18:58 DEBUG DatabaseIntrospector:46 - Found column "dict_enable", data type 1, in table "boot_crm..base_dict"
2020-10-30 22:18:58 DEBUG DatabaseIntrospector:46 - Found column "dict_memo", data type 12, in table "boot_crm..base_dict"
